../Drivers/STM32WBxx_HAL_Driver/Inc/stm32wbxx_ll_system.h:2223:26:LL_FLASH_GetUDN	4	static
../Drivers/STM32WBxx_HAL_Driver/Inc/stm32wbxx_ll_system.h:2235:26:LL_FLASH_GetDeviceID	4	static
../Drivers/STM32WBxx_HAL_Driver/Inc/stm32wbxx_ll_system.h:2247:26:LL_FLASH_GetSTCompanyID	4	static
../STM32_WPAN/App/app_ble.c:306:6:APP_BLE_Init	216	static
../STM32_WPAN/App/app_ble.c:497:6:Hermes_App_Init	8	static
../STM32_WPAN/App/app_ble.c:505:19:Add_EEG_Stream_Notify_Service	88	static
../STM32_WPAN/App/app_ble.c:567:19:Add_Event_Notify_Service	72	static
../STM32_WPAN/App/app_ble.c:611:19:Add_Motion_Notify_Service	72	static
../STM32_WPAN/App/app_ble.c:656:28:SVCCTL_App_Notification	112	static
../STM32_WPAN/App/app_ble.c:985:22:APP_BLE_Get_Server_Connection_Status	4	static
../STM32_WPAN/App/app_ble.c:1005:10:APP_BLE_Send_EEGData_Notification	32	static
../STM32_WPAN/App/app_ble.c:1022:10:APP_BLE_Send_Event_Notification	32	static
../STM32_WPAN/App/app_ble.c:1037:10:APP_BLE_Send_IMU_Notification	32	static
../STM32_WPAN/App/app_ble.c:1058:10:APP_BLE_Send_Compass_Notification	32	static
../STM32_WPAN/App/app_ble.c:1080:13:Ble_Tl_Init	16	static
../STM32_WPAN/App/app_ble.c:1091:13:Ble_Hci_Gap_Gatt_Init	72	static
../STM32_WPAN/App/app_ble.c:1365:13:Adv_Request	56	static
../STM32_WPAN/App/app_ble.c:1455:16:BleGetBdAddress	32	static
../STM32_WPAN/App/app_ble.c:1512:13:Adv_Cancel	16	static
../STM32_WPAN/App/app_ble.c:1543:13:Adv_Cancel_Req	8	static
../STM32_WPAN/App/app_ble.c:1558:13:Switch_OFF_GPIO	4	static
../STM32_WPAN/App/app_ble.c:1566:6:BLE_SVC_L2CAP_Conn_Update	48	static
../STM32_WPAN/App/app_ble.c:1608:13:Connection_Interval_Update_Req	8	static
../STM32_WPAN/App/app_ble.c:1627:6:hci_notify_asynch_evt	16	static
../STM32_WPAN/App/app_ble.c:1634:6:hci_cmd_resp_release	16	static
../STM32_WPAN/App/app_ble.c:1641:6:hci_cmd_resp_wait	16	static
../STM32_WPAN/App/app_ble.c:1648:13:BLE_UserEvtRx	24	static
../STM32_WPAN/App/app_ble.c:1668:13:BLE_StatusNot	24	static
../STM32_WPAN/App/app_ble.c:1707:6:SVCCTL_ResumeUserEventFlow	8	static
../STM32_WPAN/App/app_ble.c:1723:30:Hermes_Event_Handler	48	static
../STM32_WPAN/App/app_ble.c:1787:13:eeg_config_handler	16	static
