../Drivers/STM32WBxx_HAL_Driver/Inc/stm32wbxx_ll_system.h:2223:26:LL_FLASH_GetUDN	4	static
../Drivers/STM32WBxx_HAL_Driver/Inc/stm32wbxx_ll_system.h:2235:26:LL_FLASH_GetDeviceID	4	static
../Drivers/STM32WBxx_HAL_Driver/Inc/stm32wbxx_ll_system.h:2247:26:LL_FLASH_GetSTCompanyID	4	static
../STM32_WPAN/App/app_ble.c:291:6:APP_BLE_Init	216	static
../STM32_WPAN/App/app_ble.c:480:19:Add_EEG_Stream_Notify_Service	72	static
../STM32_WPAN/App/app_ble.c:525:28:SVCCTL_App_Notification	112	static
../STM32_WPAN/App/app_ble.c:854:22:APP_BLE_Get_Server_Connection_Status	4	static
../STM32_WPAN/App/app_ble.c:860:6:APP_BLE_Key_Button1_Action	8	static
../STM32_WPAN/App/app_ble.c:865:6:APP_BLE_Key_Button2_Action	8	static
../STM32_WPAN/App/app_ble.c:888:10:APP_BLE_Send_EEGData_Notification	32	static
../STM32_WPAN/App/app_ble.c:918:13:Ble_Tl_Init	16	static
../STM32_WPAN/App/app_ble.c:929:13:Ble_Hci_Gap_Gatt_Init	72	static
../STM32_WPAN/App/app_ble.c:1203:13:Adv_Request	56	static
../STM32_WPAN/App/app_ble.c:1293:16:BleGetBdAddress	32	static
../STM32_WPAN/App/app_ble.c:1350:13:Adv_Cancel	16	static
../STM32_WPAN/App/app_ble.c:1381:13:Adv_Cancel_Req	8	static
../STM32_WPAN/App/app_ble.c:1396:13:Switch_OFF_GPIO	4	static
../STM32_WPAN/App/app_ble.c:1404:6:BLE_SVC_L2CAP_Conn_Update	48	static
../STM32_WPAN/App/app_ble.c:1441:13:Connection_Interval_Update_Req	8	static
../STM32_WPAN/App/app_ble.c:1460:6:hci_notify_asynch_evt	16	static
../STM32_WPAN/App/app_ble.c:1467:6:hci_cmd_resp_release	16	static
../STM32_WPAN/App/app_ble.c:1474:6:hci_cmd_resp_wait	16	static
../STM32_WPAN/App/app_ble.c:1481:13:BLE_UserEvtRx	24	static
../STM32_WPAN/App/app_ble.c:1501:13:BLE_StatusNot	24	static
../STM32_WPAN/App/app_ble.c:1540:6:SVCCTL_ResumeUserEventFlow	8	static
