../STM32_WPAN/App/p2p_server_app.c:116:6:P2PS_STM_App_Notification	16	static
../STM32_WPAN/App/p2p_server_app.c:197:6:P2PS_APP_Notification	16	static
../STM32_WPAN/App/p2p_server_app.c:231:6:P2PS_APP_Init	8	static
../STM32_WPAN/App/p2p_server_app.c:277:6:APP_SWA_Button_Action	8	static
../STM32_WPAN/App/p2p_server_app.c:283:6:APP_SWB_Button_Action	8	static
../STM32_WPAN/App/p2p_server_app.c:289:6:SWA_Local_Notification	4	static
../STM32_WPAN/App/p2p_server_app.c:295:6:SWB_Local_Notification	4	static
../STM32_WPAN/App/p2p_server_app.c:301:6:SWA_Send_Notification	8	static
../STM32_WPAN/App/p2p_server_app.c:311:6:SWB_Send_Notification	8	static
../STM32_WPAN/App/p2p_server_app.c:322:6:get_and_send_imu_sample	16	static
../STM32_WPAN/App/p2p_server_app.c:342:6:fill_and_send_packet	24	static
../STM32_WPAN/App/p2p_server_app.c:376:6:APP_BLE_Manage_ADS1299_event	8	static
../STM32_WPAN/App/p2p_server_app.c:398:9:is_connected	4	static
