../STM32_WPAN/App/p2p_server_app.c:138:6:P2PS_STM_App_Notification	16	static
../STM32_WPAN/App/p2p_server_app.c:221:6:P2PS_APP_Notification	16	static
../STM32_WPAN/App/p2p_server_app.c:256:6:P2PS_APP_Init	8	static
../STM32_WPAN/App/p2p_server_app.c:304:6:APP_SWA_Button_Action	8	static
../STM32_WPAN/App/p2p_server_app.c:310:6:APP_SWB_Button_Action	8	static
../STM32_WPAN/App/p2p_server_app.c:317:6:APP_BLE_Manage_ADS1299_event	8	static
../STM32_WPAN/App/p2p_server_app.c:342:6:SWA_Local_Notification	4	static
../STM32_WPAN/App/p2p_server_app.c:348:6:SWB_Local_Notification	4	static
../STM32_WPAN/App/p2p_server_app.c:354:6:SWA_Send_Notification	8	static
../STM32_WPAN/App/p2p_server_app.c:364:6:SWB_Send_Notification	8	static
../STM32_WPAN/App/p2p_server_app.c:375:6:get_and_send_motion_samples	8	static
../STM32_WPAN/App/p2p_server_app.c:380:6:get_and_send_imu_sample	16	static
../STM32_WPAN/App/p2p_server_app.c:397:6:get_and_send_compass_sample	16	static
../STM32_WPAN/App/p2p_server_app.c:429:6:fill_and_send_packet	4	static
../STM32_WPAN/App/p2p_server_app.c:463:6:APP_BLE_Manage_ADS1299_event_exec	16	static
../STM32_WPAN/App/p2p_server_app.c:484:9:is_connected	4	static
