../Core/Src/ads1299.c:37:6:ADS1299_Init	8	static
../Core/Src/ads1299.c:46:13:PowerUpSequence	24	static
../Core/Src/ads1299.c:124:6:EEGRecordingSequence	24	static
../Core/Src/ads1299.c:208:13:setnReset	16	static
../Core/Src/ads1299.c:212:13:setnPWRdown	16	static
../Core/Src/ads1299.c:216:13:setADS1299Start	16	static
../Core/Src/ads1299.c:220:13:setADS1299CS	16	static
../Core/Src/ads1299.c:224:16:send_ads1299_command	16	static
../Core/Src/ads1299.c:244:9:read_ads1299_register	24	static
../Core/Src/ads1299.c:275:16:write_ads1299_register	24	static
../Core/Src/ads1299.c:315:19:ADS1299_ReadSamples	56	static
