../Core/Src/ads1299.c:36:6:ADS1299_Init	8	static
../Core/Src/ads1299.c:45:13:PowerUpSequence	24	static
../Core/Src/ads1299.c:115:6:EEGRecordingSequence	24	static
../Core/Src/ads1299.c:188:13:setnReset	16	static
../Core/Src/ads1299.c:192:13:setnPWRdown	16	static
../Core/Src/ads1299.c:196:13:setADS1299Start	16	static
../Core/Src/ads1299.c:200:13:setADS1299CS	16	static
../Core/Src/ads1299.c:204:16:send_ads1299_command	16	static
../Core/Src/ads1299.c:224:9:read_ads1299_register	24	static
../Core/Src/ads1299.c:255:16:write_ads1299_register	24	static
../Core/Src/ads1299.c:295:19:ADS1299_ReadSamples	56	static
