../Drivers/STM32WBxx_HAL_Driver/Inc/stm32wbxx_ll_pwr.h:1663:22:LL_C2_PWR_SetPowerMode	16	static
../Drivers/STM32WBxx_HAL_Driver/Inc/stm32wbxx_ll_exti.h:391:22:LL_EXTI_EnableIT_32_63	16	static
../Drivers/STM32WBxx_HAL_Driver/Inc/stm32wbxx_ll_rcc.h:1359:22:LL_RCC_HSE_SetCapacitorTuning	16	static
../Drivers/STM32WBxx_HAL_Driver/Inc/stm32wbxx_ll_rcc.h:2349:22:LL_RCC_SetClkAfterWakeFromStop	16	static
../Drivers/STM32WBxx_HAL_Driver/Inc/stm32wbxx_ll_system.h:1513:26:LL_DBGMCU_GetDeviceID	4	static
../Drivers/STM32WBxx_HAL_Driver/Inc/stm32wbxx_ll_system.h:1524:26:LL_DBGMCU_GetRevisionID	4	static
../Drivers/STM32WBxx_HAL_Driver/Inc/stm32wbxx_ll_cortex.h:311:22:LL_LPM_EnableSleep	4	static
../Drivers/STM32WBxx_HAL_Driver/Inc/stm32wbxx_ll_rtc.h:1031:22:LL_RTC_EnableWriteProtection	16	static
../Drivers/STM32WBxx_HAL_Driver/Inc/stm32wbxx_ll_rtc.h:1042:22:LL_RTC_DisableWriteProtection	16	static
../Drivers/STM32WBxx_HAL_Driver/Inc/stm32wbxx_ll_rtc.h:3006:22:LL_RTC_WAKEUP_SetClock	16	static
../Core/Src/app_entry.c:104:6:MX_APPE_Config	8	static
../Core/Src/app_entry.c:124:6:MX_APPE_Init	8	static
../Core/Src/app_entry.c:161:6:Init_Smps	4	static
../Core/Src/app_entry.c:179:6:Init_Exti	8	static
../Core/Src/app_entry.c:195:13:Reset_Device	4	static
../Core/Src/app_entry.c:264:13:Config_HSE	16	static
../Core/Src/app_entry.c:280:13:System_Init	8	static
../Core/Src/app_entry.c:291:13:Init_Rtc	8	static
../Core/Src/app_entry.c:312:13:SystemPower_Config	8	static
../Core/Src/app_entry.c:334:13:appe_Tl_Init	40	static
../Core/Src/app_entry.c:359:13:APPE_SysStatusNot	16	static
../Core/Src/app_entry.c:374:13:APPE_SysUserEvtRx	40	static
../Core/Src/app_entry.c:437:13:APPE_SysEvtError	24	static
../Core/Src/app_entry.c:459:13:APPE_SysEvtReadyProcessing	48	static
../Core/Src/app_entry.c:532:13:Button_Init	4	static
../Core/Src/app_entry.c:551:6:HAL_Delay	24	static,ignoring_inline_asm
../Core/Src/app_entry.c:580:6:MX_APPE_Process	8	static
../Core/Src/app_entry.c:591:6:UTIL_SEQ_Idle	4	static
../Core/Src/app_entry.c:606:6:UTIL_SEQ_EvtIdle	16	static
../Core/Src/app_entry.c:612:6:shci_notify_asynch_evt	16	static
../Core/Src/app_entry.c:618:6:shci_cmd_resp_release	16	static
../Core/Src/app_entry.c:624:6:shci_cmd_resp_wait	16	static
../Core/Src/app_entry.c:631:6:HAL_GPIO_EXTI_Callback	16	static
../Core/Src/app_entry.c:655:13:RxUART_Init	8	static
../Core/Src/app_entry.c:660:13:RxCpltCallback	8	static
../Core/Src/app_entry.c:685:13:UartCmdExecute	8	static
