../Drivers/STM32WBxx_HAL_Driver/Inc/stm32wbxx_ll_rcc.h:1679:22:LL_RCC_LSE_SetDriveCapability	16	static
../Drivers/STM32WBxx_HAL_Driver/Inc/stm32wbxx_ll_bus.h:364:22:LL_AHB1_GRP1_EnableClock	24	static
../Drivers/STM32WBxx_HAL_Driver/Inc/stm32wbxx_ll_bus.h:539:22:LL_AHB2_GRP1_EnableClock	24	static
../Drivers/STM32WBxx_HAL_Driver/Inc/stm32wbxx_ll_bus.h:939:22:LL_APB1_GRP1_EnableClock	24	static
../Drivers/STM32WBxx_HAL_Driver/Inc/stm32wbxx_ll_bus.h:1274:22:LL_APB2_GRP1_EnableClock	24	static
../Drivers/STM32WBxx_HAL_Driver/Inc/stm32wbxx_ll_rtc.h:1031:22:LL_RTC_EnableWriteProtection	16	static
../Drivers/STM32WBxx_HAL_Driver/Inc/stm32wbxx_ll_rtc.h:1042:22:LL_RTC_DisableWriteProtection	16	static
../Drivers/STM32WBxx_HAL_Driver/Inc/stm32wbxx_ll_rtc.h:3006:22:LL_RTC_WAKEUP_SetClock	16	static
../Core/Src/main.c:97:5:main	8	static
../Core/Src/main.c:162:6:SystemClock_Config	112	static
../Core/Src/main.c:213:6:PeriphCommonClock_Config	88	static
../Core/Src/main.c:251:13:MX_IPCC_Init	8	static
../Core/Src/main.c:277:13:MX_RF_Init	4	static
../Core/Src/main.c:298:13:MX_RTC_Init	8	static
../Core/Src/main.c:340:6:MX_USART1_UART_Init	8	static
../Core/Src/main.c:384:6:MX_I2C3_Init	8	static
../Core/Src/main.c:411:6:my_MX_SPI1_Init	8	static
../Core/Src/main.c:443:13:MX_DMA_Init	8	static
../Core/Src/main.c:462:13:MX_GPIO_Init	32	static
../Core/Src/main.c:812:6:PeriphClock_Config	4	static
../Core/Src/main.c:864:13:MX_TIM2_Init	8	static
../Core/Src/main.c:893:6:HAL_TIM_PeriodElapsedCallback	16	static
../Core/Src/main.c:932:6:MX_TIM17_Init	8	static
../Core/Src/main.c:969:6:Error_Handler	4	static,ignoring_inline_asm
