../Core/Src/stm32wbxx_it.c:74:6:NMI_Handler	4	static
../Core/Src/stm32wbxx_it.c:89:6:HardFault_Handler	4	static
../Core/Src/stm32wbxx_it.c:104:6:MemManage_Handler	4	static
../Core/Src/stm32wbxx_it.c:119:6:BusFault_Handler	4	static
../Core/Src/stm32wbxx_it.c:134:6:UsageFault_Handler	4	static
../Core/Src/stm32wbxx_it.c:149:6:SVC_Handler	4	static
../Core/Src/stm32wbxx_it.c:162:6:DebugMon_Handler	4	static
../Core/Src/stm32wbxx_it.c:175:6:PendSV_Handler	4	static
../Core/Src/stm32wbxx_it.c:188:6:SysTick_Handler	8	static
../Core/Src/stm32wbxx_it.c:209:6:USART1_IRQHandler	8	static
../Core/Src/stm32wbxx_it.c:223:6:HSEM_IRQHandler	8	static
../Core/Src/stm32wbxx_it.c:237:6:DMA2_Channel4_IRQHandler	8	static
../Core/Src/stm32wbxx_it.c:252:6:IPCC_C1_RX_IRQHandler	8	static
../Core/Src/stm32wbxx_it.c:266:6:IPCC_C1_TX_IRQHandler	8	static
../Core/Src/stm32wbxx_it.c:282:6:EXTI15_10_IRQHandler	8	static
../Core/Src/stm32wbxx_it.c:288:6:EXTI9_5_IRQHandler	8	static
../Core/Src/stm32wbxx_it.c:293:6:RTC_WKUP_IRQHandler	8	static
../Core/Src/stm32wbxx_it.c:303:6:TIM1_TRG_COM_TIM17_IRQHandler	8	static
../Core/Src/stm32wbxx_it.c:309:6:TIM2_IRQHandler	8	static
